// Jest Snapshot v1, https://goo.gl/fbAQLP

exports[`it matches the snapshot 1`] = `
<div
  className="loginForm"
>
  <h1
    className="heading"
  >
    SignUp Page
  </h1>
  <label
    className="labelField"
    htmlFor="email"
  >
    Name : 
  </label>
  <input
    className="inputField"
    id="name"
    name="name"
    onChange={[Function]}
    type="text"
    value=""
  />
  <label
    className="labelField"
    htmlFor="email"
  >
    Email Address : 
  </label>
  <input
    className="inputField"
    id="email"
    name="email"
    onChange={[Function]}
    type="email"
    value=""
  />
  <label
    className="labelField"
    htmlFor="email"
  >
    Password : 
  </label>
  <input
    className="inputField"
    id="password"
    name="password"
    onChange={[Function]}
    type="password"
    value=""
  />
  <button
    className="login"
    type="Back to Login"
  >
    Back to Login
  </button>
  <button
    className="signup"
    click={[Function]}
    onClick={[Function]}
    type="SignUp"
  >
    <div>
      âœ”
    </div>
  </button>
</div>
`;
